Using pre-set license
Built from '2020.2/release' branch; Version is '2020.2.1f1 (270dd8c3da1c) revision 2559448'; Using compiler version '192528614'; Build Type 'Release'
OS: 'Windows 10  (10.0.0) 64bit' Language: 'en' Physical Memory: 32592 MB
BatchMode: 1, IsHumanControllingUs: 0, StartBugReporterOnCrash: 0, Is64bit: 1, IsPro: 0

 COMMAND LINE ARGUMENTS:
C:\Program Files\Unity\Hub\Editor\2020.2.1f1\Editor\Unity.exe
-adb2
-batchMode
-noUpm
-name
AssetImportWorker0
-projectPath
C:/Users/koi_f/Downloads/week9_BallDemo_Generative/BallDemo_AlgoSequencing
-logFile
Logs/AssetImportWorker0.log
-srvPort
52477
Successfully changed project path to: C:/Users/koi_f/Downloads/week9_BallDemo_Generative/BallDemo_AlgoSequencing
C:/Users/koi_f/Downloads/week9_BallDemo_Generative/BallDemo_AlgoSequencing
Using Asset Import Pipeline V2.
Refreshing native plugins compatible for Editor in 94.67 ms, found 0 plugins.
Preloading 0 native plugins for Editor in 0.00 ms.
Initialize engine version: 2020.2.1f1 (270dd8c3da1c)
[Subsystems] Discovering subsystems at path C:/Program Files/Unity/Hub/Editor/2020.2.1f1/Editor/Data/Resources/UnitySubsystems
[Subsystems] Discovering subsystems at path C:/Users/koi_f/Downloads/week9_BallDemo_Generative/BallDemo_AlgoSequencing/Assets
GfxDevice: creating device client; threaded=0
Direct3D:
    Version:  Direct3D 11.0 [level 11.1]
    Renderer: NVIDIA GeForce RTX 4050 Laptop GPU (ID=0x28a1)
    Vendor:   
    VRAM:     5923 MB
    Driver:   32.0.15.9155
Initialize mono
Mono path[0] = 'C:/Program Files/Unity/Hub/Editor/2020.2.1f1/Editor/Data/Managed'
Mono path[1] = 'C:/Program Files/Unity/Hub/Editor/2020.2.1f1/Editor/Data/MonoBleedingEdge/lib/mono/unityjit'
Mono config path = 'C:/Program Files/Unity/Hub/Editor/2020.2.1f1/Editor/Data/MonoBleedingEdge/etc'
Using monoOptions --debugger-agent=transport=dt_socket,embedding=1,server=y,suspend=n,address=127.0.0.1:56108
Begin MonoManager ReloadAssembly
Registering precompiled unity dll's ...
Register platform support module: C:/Program Files/Unity/Hub/Editor/2020.2.1f1/Editor/Data/PlaybackEngines/WindowsStandaloneSupport/UnityEditor.WindowsStandalone.Extensions.dll
Registered in 0.002770 seconds.
Native extension for WindowsStandalone target not found
Refreshing native plugins compatible for Editor in 105.68 ms, found 0 plugins.
Preloading 0 native plugins for Editor in 0.00 ms.
Invoked RoslynAnalysisRunner static constructor.
RoslynAnalysisRunner will not be running.
RoslynAnalysisRunner has terminated.
Mono: successfully reloaded assembly
- Completed reload, in  2.473 seconds
Platform modules already initialized, skipping
Registering precompiled user dll's ...
Registered in 0.008774 seconds.
Begin MonoManager ReloadAssembly
Native extension for WindowsStandalone target not found
Refreshing native plugins compatible for Editor in 0.89 ms, found 0 plugins.
Preloading 0 native plugins for Editor in 0.00 ms.
Invoked RoslynAnalysisRunner static constructor.
RoslynAnalysisRunner will not be running.
RoslynAnalysisRunner has terminated.
Mono: successfully reloaded assembly
- Completed reload, in  1.939 seconds
Platform modules already initialized, skipping
========================================================================
Worker process is ready to serve import requests
Launched and connected shader compiler UnityShaderCompiler.exe after 0.09 seconds
Refreshing native plugins compatible for Editor in 1.16 ms, found 0 plugins.
Preloading 0 native plugins for Editor in 0.00 ms.
Unloading 1527 Unused Serialized files (Serialized files now loaded: 0)
System memory in use before: 70.5 MB.
System memory in use after: 70.6 MB.

Unloading 37 unused Assets to reduce memory usage. Loaded Objects now: 1954.
Total: 4.648400 ms (FindLiveObjects: 0.246000 ms CreateObjectMapping: 0.064300 ms MarkObjects: 4.143500 ms  DeleteObjects: 0.190500 ms)

========================================================================
Received Import Request.
  path: Assets/Scripts/Orbit.cs
  artifactKey: Guid(5dfce957232a6c04eb99a8f907ea5097) Importer(815301076,1909f56bfc062723c751e8b465ee728b)
Start importing Assets/Scripts/Orbit.cs using Guid(5dfce957232a6c04eb99a8f907ea5097) Importer(815301076,1909f56bfc062723c751e8b465ee728b)  -> (artifact id: '8f03e162bbea1404d37347d86ad79bb9') in 0.145153 seconds
  Import took 0.153903 seconds .

========================================================================
Received Import Request.
  Time since last request: 40.239940 seconds.
  path: Assets/Scripts/Rotator.cs
  artifactKey: Guid(1f6e6936c2124414ebb788dceed5fe65) Importer(815301076,1909f56bfc062723c751e8b465ee728b)
Start importing Assets/Scripts/Rotator.cs using Guid(1f6e6936c2124414ebb788dceed5fe65) Importer(815301076,1909f56bfc062723c751e8b465ee728b)  -> (artifact id: 'a84cf89c024fe744c4eff747eacf1fca') in 0.037478 seconds
  Import took 0.046363 seconds .

========================================================================
Received Prepare
Registering precompiled user dll's ...
Registered in 0.005687 seconds.
Begin MonoManager ReloadAssembly
Native extension for WindowsStandalone target not found
Refreshing native plugins compatible for Editor in 0.74 ms, found 0 plugins.
Preloading 0 native plugins for Editor in 0.00 ms.
Invoked RoslynAnalysisRunner static constructor.
RoslynAnalysisRunner will not be running.
RoslynAnalysisRunner has terminated.
Mono: successfully reloaded assembly
- Completed reload, in  1.591 seconds
Platform modules already initialized, skipping
Refreshing native plugins compatible for Editor in 0.80 ms, found 0 plugins.
Preloading 0 native plugins for Editor in 0.00 ms.
Unloading 1521 Unused Serialized files (Serialized files now loaded: 0)
System memory in use before: 70.9 MB.
System memory in use after: 71.0 MB.

Unloading 28 unused Assets to reduce memory usage. Loaded Objects now: 1956.
Total: 3.924000 ms (FindLiveObjects: 0.424200 ms CreateObjectMapping: 0.088900 ms MarkObjects: 3.348300 ms  DeleteObjects: 0.054800 ms)

========================================================================
Received Prepare
Registering precompiled user dll's ...
Registered in 0.008317 seconds.
Begin MonoManager ReloadAssembly
Native extension for WindowsStandalone target not found
Refreshing native plugins compatible for Editor in 0.88 ms, found 0 plugins.
Preloading 0 native plugins for Editor in 0.00 ms.
Invoked RoslynAnalysisRunner static constructor.
RoslynAnalysisRunner will not be running.
RoslynAnalysisRunner has terminated.
Mono: successfully reloaded assembly
- Completed reload, in  1.514 seconds
Platform modules already initialized, skipping
Refreshing native plugins compatible for Editor in 0.83 ms, found 0 plugins.
Preloading 0 native plugins for Editor in 0.00 ms.
Unloading 1521 Unused Serialized files (Serialized files now loaded: 0)
System memory in use before: 71.5 MB.
System memory in use after: 71.6 MB.

Unloading 28 unused Assets to reduce memory usage. Loaded Objects now: 1958.
Total: 4.288100 ms (FindLiveObjects: 0.205000 ms CreateObjectMapping: 0.065800 ms MarkObjects: 3.955600 ms  DeleteObjects: 0.058400 ms)

========================================================================
Received Prepare
Registering precompiled user dll's ...
Registered in 0.005887 seconds.
Begin MonoManager ReloadAssembly
Native extension for WindowsStandalone target not found
Refreshing native plugins compatible for Editor in 0.81 ms, found 0 plugins.
Preloading 0 native plugins for Editor in 0.00 ms.
Invoked RoslynAnalysisRunner static constructor.
RoslynAnalysisRunner will not be running.
RoslynAnalysisRunner has terminated.
Mono: successfully reloaded assembly
- Completed reload, in  1.576 seconds
Platform modules already initialized, skipping
Refreshing native plugins compatible for Editor in 0.93 ms, found 0 plugins.
Preloading 0 native plugins for Editor in 0.00 ms.
Unloading 1521 Unused Serialized files (Serialized files now loaded: 0)
System memory in use before: 72.0 MB.
System memory in use after: 72.1 MB.

Unloading 28 unused Assets to reduce memory usage. Loaded Objects now: 1960.
Total: 3.455200 ms (FindLiveObjects: 0.255200 ms CreateObjectMapping: 0.092000 ms MarkObjects: 3.041200 ms  DeleteObjects: 0.063400 ms)

========================================================================
Received Prepare
Registering precompiled user dll's ...
Registered in 0.010807 seconds.
Begin MonoManager ReloadAssembly
Native extension for WindowsStandalone target not found
Refreshing native plugins compatible for Editor in 0.85 ms, found 0 plugins.
Preloading 0 native plugins for Editor in 0.00 ms.
Invoked RoslynAnalysisRunner static constructor.
RoslynAnalysisRunner will not be running.
RoslynAnalysisRunner has terminated.
Mono: successfully reloaded assembly
- Completed reload, in  1.735 seconds
Platform modules already initialized, skipping
Refreshing native plugins compatible for Editor in 0.82 ms, found 0 plugins.
Preloading 0 native plugins for Editor in 0.00 ms.
Unloading 1521 Unused Serialized files (Serialized files now loaded: 0)
System memory in use before: 72.0 MB.
System memory in use after: 72.1 MB.

Unloading 28 unused Assets to reduce memory usage. Loaded Objects now: 1962.
Total: 4.083400 ms (FindLiveObjects: 0.257000 ms CreateObjectMapping: 0.062900 ms MarkObjects: 3.701300 ms  DeleteObjects: 0.059500 ms)

========================================================================
Received Prepare
Registering precompiled user dll's ...
Registered in 0.010743 seconds.
Begin MonoManager ReloadAssembly
Native extension for WindowsStandalone target not found
Refreshing native plugins compatible for Editor in 0.82 ms, found 0 plugins.
Preloading 0 native plugins for Editor in 0.00 ms.
Invoked RoslynAnalysisRunner static constructor.
RoslynAnalysisRunner will not be running.
RoslynAnalysisRunner has terminated.
Mono: successfully reloaded assembly
- Completed reload, in  1.820 seconds
Platform modules already initialized, skipping
Refreshing native plugins compatible for Editor in 0.90 ms, found 0 plugins.
Preloading 0 native plugins for Editor in 0.00 ms.
Unloading 1521 Unused Serialized files (Serialized files now loaded: 0)
System memory in use before: 72.0 MB.
System memory in use after: 72.1 MB.

Unloading 28 unused Assets to reduce memory usage. Loaded Objects now: 1964.
Total: 4.669700 ms (FindLiveObjects: 0.385600 ms CreateObjectMapping: 0.071300 ms MarkObjects: 4.126600 ms  DeleteObjects: 0.083300 ms)

AssetImportWorkerClient::OnTransportError - code=2 error=End of file
