Using pre-set license
Built from '2020.2/release' branch; Version is '2020.2.1f1 (270dd8c3da1c) revision 2559448'; Using compiler version '192528614'; Build Type 'Release'
OS: 'Windows 10  (10.0.0) 64bit' Language: 'en' Physical Memory: 32592 MB
BatchMode: 1, IsHumanControllingUs: 0, StartBugReporterOnCrash: 0, Is64bit: 1, IsPro: 0

 COMMAND LINE ARGUMENTS:
C:\Program Files\Unity\Hub\Editor\2020.2.1f1\Editor\Unity.exe
-adb2
-batchMode
-noUpm
-name
AssetImportWorker1
-projectPath
C:/Users/koi_f/Downloads/week9_BallDemo_Generative/BallDemo_AlgoSequencing
-logFile
Logs/AssetImportWorker1.log
-srvPort
64987
Successfully changed project path to: C:/Users/koi_f/Downloads/week9_BallDemo_Generative/BallDemo_AlgoSequencing
C:/Users/koi_f/Downloads/week9_BallDemo_Generative/BallDemo_AlgoSequencing
Using Asset Import Pipeline V2.
Refreshing native plugins compatible for Editor in 38.19 ms, found 0 plugins.
Preloading 0 native plugins for Editor in 0.00 ms.
Initialize engine version: 2020.2.1f1 (270dd8c3da1c)
[Subsystems] Discovering subsystems at path C:/Program Files/Unity/Hub/Editor/2020.2.1f1/Editor/Data/Resources/UnitySubsystems
[Subsystems] Discovering subsystems at path C:/Users/koi_f/Downloads/week9_BallDemo_Generative/BallDemo_AlgoSequencing/Assets
GfxDevice: creating device client; threaded=0
Direct3D:
    Version:  Direct3D 11.0 [level 11.1]
    Renderer: NVIDIA GeForce RTX 4050 Laptop GPU (ID=0x28a1)
    Vendor:   
    VRAM:     5923 MB
    Driver:   32.0.15.9155
Initialize mono
Mono path[0] = 'C:/Program Files/Unity/Hub/Editor/2020.2.1f1/Editor/Data/Managed'
Mono path[1] = 'C:/Program Files/Unity/Hub/Editor/2020.2.1f1/Editor/Data/MonoBleedingEdge/lib/mono/unityjit'
Mono config path = 'C:/Program Files/Unity/Hub/Editor/2020.2.1f1/Editor/Data/MonoBleedingEdge/etc'
Using monoOptions --debugger-agent=transport=dt_socket,embedding=1,server=y,suspend=n,address=127.0.0.1:56316
Begin MonoManager ReloadAssembly
Registering precompiled unity dll's ...
Register platform support module: C:/Program Files/Unity/Hub/Editor/2020.2.1f1/Editor/Data/PlaybackEngines/WindowsStandaloneSupport/UnityEditor.WindowsStandalone.Extensions.dll
Registered in 0.001201 seconds.
Native extension for WindowsStandalone target not found
Refreshing native plugins compatible for Editor in 27.93 ms, found 0 plugins.
Preloading 0 native plugins for Editor in 0.00 ms.
Invoked RoslynAnalysisRunner static constructor.
RoslynAnalysisRunner will not be running.
RoslynAnalysisRunner has terminated.
Mono: successfully reloaded assembly
- Completed reload, in  0.786 seconds
Platform modules already initialized, skipping
Registering precompiled user dll's ...
Registered in 0.002848 seconds.
Begin MonoManager ReloadAssembly
Native extension for WindowsStandalone target not found
Refreshing native plugins compatible for Editor in 0.42 ms, found 0 plugins.
Preloading 0 native plugins for Editor in 0.00 ms.
Invoked RoslynAnalysisRunner static constructor.
RoslynAnalysisRunner will not be running.
RoslynAnalysisRunner has terminated.
Mono: successfully reloaded assembly
- Completed reload, in  0.778 seconds
Platform modules already initialized, skipping
========================================================================
Worker process is ready to serve import requests
Launched and connected shader compiler UnityShaderCompiler.exe after 0.04 seconds
Refreshing native plugins compatible for Editor in 0.70 ms, found 0 plugins.
Preloading 0 native plugins for Editor in 0.00 ms.
Unloading 1527 Unused Serialized files (Serialized files now loaded: 0)
System memory in use before: 70.6 MB.
System memory in use after: 70.6 MB.

Unloading 37 unused Assets to reduce memory usage. Loaded Objects now: 1954.
Total: 3.239600 ms (FindLiveObjects: 0.209200 ms CreateObjectMapping: 0.065900 ms MarkObjects: 2.829000 ms  DeleteObjects: 0.132800 ms)

========================================================================
Received Import Request.
  path: Assets/Scripts/PlayerMovement.cs
  artifactKey: Guid(3fdec3bafc74a44428d276ef92eb1645) Importer(815301076,1909f56bfc062723c751e8b465ee728b)
Start importing Assets/Scripts/PlayerMovement.cs using Guid(3fdec3bafc74a44428d276ef92eb1645) Importer(815301076,1909f56bfc062723c751e8b465ee728b)  -> (artifact id: 'de25264cc5ff224c2f6dc23295c40474') in 0.118267 seconds
  Import took 0.123368 seconds .

========================================================================
Received Prepare
Refreshing native plugins compatible for Editor in 6.45 ms, found 0 plugins.
Preloading 0 native plugins for Editor in 0.00 ms.
Unloading 27 Unused Serialized files (Serialized files now loaded: 0)
System memory in use before: 40.8 MB.
System memory in use after: 40.9 MB.

Unloading 26 unused Assets to reduce memory usage. Loaded Objects now: 1954.
Total: 4.156900 ms (FindLiveObjects: 0.232400 ms CreateObjectMapping: 0.050200 ms MarkObjects: 3.785900 ms  DeleteObjects: 0.084400 ms)

========================================================================
Received Prepare
Registering precompiled user dll's ...
Registered in 0.002788 seconds.
Begin MonoManager ReloadAssembly
Native extension for WindowsStandalone target not found
Refreshing native plugins compatible for Editor in 0.41 ms, found 0 plugins.
Preloading 0 native plugins for Editor in 0.00 ms.
Invoked RoslynAnalysisRunner static constructor.
RoslynAnalysisRunner will not be running.
RoslynAnalysisRunner has terminated.
Mono: successfully reloaded assembly
- Completed reload, in  0.712 seconds
Platform modules already initialized, skipping
Refreshing native plugins compatible for Editor in 0.40 ms, found 0 plugins.
Preloading 0 native plugins for Editor in 0.00 ms.
Unloading 1521 Unused Serialized files (Serialized files now loaded: 0)
System memory in use before: 71.5 MB.
System memory in use after: 71.6 MB.

Unloading 28 unused Assets to reduce memory usage. Loaded Objects now: 1956.
Total: 2.312300 ms (FindLiveObjects: 0.202500 ms CreateObjectMapping: 0.064200 ms MarkObjects: 2.008100 ms  DeleteObjects: 0.035200 ms)

========================================================================
Received Prepare
Registering precompiled user dll's ...
Registered in 0.003242 seconds.
Begin MonoManager ReloadAssembly
Native extension for WindowsStandalone target not found
Refreshing native plugins compatible for Editor in 0.78 ms, found 0 plugins.
Preloading 0 native plugins for Editor in 0.00 ms.
Invoked RoslynAnalysisRunner static constructor.
RoslynAnalysisRunner will not be running.
RoslynAnalysisRunner has terminated.
Mono: successfully reloaded assembly
- Completed reload, in  0.850 seconds
Platform modules already initialized, skipping
Refreshing native plugins compatible for Editor in 0.40 ms, found 0 plugins.
Preloading 0 native plugins for Editor in 0.00 ms.
Unloading 1521 Unused Serialized files (Serialized files now loaded: 0)
System memory in use before: 72.0 MB.
System memory in use after: 72.1 MB.

Unloading 28 unused Assets to reduce memory usage. Loaded Objects now: 1958.
Total: 3.483000 ms (FindLiveObjects: 0.129000 ms CreateObjectMapping: 0.039200 ms MarkObjects: 3.261500 ms  DeleteObjects: 0.051100 ms)

========================================================================
Received Prepare
Registering precompiled user dll's ...
Registered in 0.007939 seconds.
Begin MonoManager ReloadAssembly
Native extension for WindowsStandalone target not found
Refreshing native plugins compatible for Editor in 1.27 ms, found 0 plugins.
Preloading 0 native plugins for Editor in 0.00 ms.
Invoked RoslynAnalysisRunner static constructor.
RoslynAnalysisRunner will not be running.
RoslynAnalysisRunner has terminated.
Mono: successfully reloaded assembly
- Completed reload, in  1.215 seconds
Platform modules already initialized, skipping
Refreshing native plugins compatible for Editor in 0.86 ms, found 0 plugins.
Preloading 0 native plugins for Editor in 0.00 ms.
Unloading 1521 Unused Serialized files (Serialized files now loaded: 0)
System memory in use before: 71.6 MB.
System memory in use after: 71.7 MB.

Unloading 28 unused Assets to reduce memory usage. Loaded Objects now: 1960.
Total: 4.675400 ms (FindLiveObjects: 0.218300 ms CreateObjectMapping: 0.062500 ms MarkObjects: 4.331800 ms  DeleteObjects: 0.058900 ms)

========================================================================
Received Import Request.
  Time since last request: 10074.349929 seconds.
  path: Assets/Scripts/Rotator.cs
  artifactKey: Guid(1f6e6936c2124414ebb788dceed5fe65) Importer(815301076,1909f56bfc062723c751e8b465ee728b)
Start importing Assets/Scripts/Rotator.cs using Guid(1f6e6936c2124414ebb788dceed5fe65) Importer(815301076,1909f56bfc062723c751e8b465ee728b)  -> (artifact id: 'd73c0aba26ea94445b9b7a5fd9d159e6') in 0.053828 seconds
  Import took 0.059446 seconds .

========================================================================
Received Import Request.
  Time since last request: 0.557452 seconds.
  path: Assets/Black 1.jpg
  artifactKey: Guid(e254910f360a3964eae7eb4a021b12a6) Importer(815301076,1909f56bfc062723c751e8b465ee728b)
Start importing Assets/Black 1.jpg using Guid(e254910f360a3964eae7eb4a021b12a6) Importer(815301076,1909f56bfc062723c751e8b465ee728b)  -> (artifact id: 'a671da45c75c4e80ae67272df98b7d67') in 0.489377 seconds
  Import took 0.496072 seconds .

========================================================================
Received Prepare
Registering precompiled user dll's ...
Registered in 0.004445 seconds.
Begin MonoManager ReloadAssembly
Native extension for WindowsStandalone target not found
Refreshing native plugins compatible for Editor in 0.62 ms, found 0 plugins.
Preloading 0 native plugins for Editor in 0.00 ms.
Invoked RoslynAnalysisRunner static constructor.
RoslynAnalysisRunner will not be running.
RoslynAnalysisRunner has terminated.
Mono: successfully reloaded assembly
- Completed reload, in  1.045 seconds
Platform modules already initialized, skipping
Refreshing native plugins compatible for Editor in 0.55 ms, found 0 plugins.
Preloading 0 native plugins for Editor in 0.00 ms.
Unloading 1521 Unused Serialized files (Serialized files now loaded: 0)
System memory in use before: 72.0 MB.
System memory in use after: 72.1 MB.

Unloading 28 unused Assets to reduce memory usage. Loaded Objects now: 1964.
Total: 2.380800 ms (FindLiveObjects: 0.275000 ms CreateObjectMapping: 0.060300 ms MarkObjects: 2.012400 ms  DeleteObjects: 0.031400 ms)

========================================================================
Received Import Request.
  Time since last request: 560.405652 seconds.
  path: Assets/Base Black.jpg
  artifactKey: Guid(e254910f360a3964eae7eb4a021b12a6) Importer(815301076,1909f56bfc062723c751e8b465ee728b)
Start importing Assets/Base Black.jpg using Guid(e254910f360a3964eae7eb4a021b12a6) Importer(815301076,1909f56bfc062723c751e8b465ee728b)  -> (artifact id: 'c1d1cd696290ed10e53b0e46de327574') in 1.067819 seconds
  Import took 1.076235 seconds .

========================================================================
Received Import Request.
  Time since last request: 14.244973 seconds.
  path: Assets/transparent.png
  artifactKey: Guid(f4cd49db01fc8ab4c9e0898203a8c9ba) Importer(815301076,1909f56bfc062723c751e8b465ee728b)
Start importing Assets/transparent.png using Guid(f4cd49db01fc8ab4c9e0898203a8c9ba) Importer(815301076,1909f56bfc062723c751e8b465ee728b)  -> (artifact id: 'da375e98c1b5f42f5bf4d3f7442fdd23') in 0.663494 seconds
  Import took 0.670636 seconds .

========================================================================
Received Import Request.
  Time since last request: 89.452200 seconds.
  path: Assets/venus.jpg
  artifactKey: Guid(af8e41268416ed748a670a81ca4c53f8) Importer(815301076,1909f56bfc062723c751e8b465ee728b)
Start importing Assets/venus.jpg using Guid(af8e41268416ed748a670a81ca4c53f8) Importer(815301076,1909f56bfc062723c751e8b465ee728b)  -> (artifact id: '7c5eea09c9d2653b986edd84ae1b8a36') in 1.026237 seconds
  Import took 1.032683 seconds .

========================================================================
Received Import Request.
  Time since last request: 0.000570 seconds.
  path: Assets/white.jpg
  artifactKey: Guid(9e181c102fd674f46a0cf70dbb181f22) Importer(815301076,1909f56bfc062723c751e8b465ee728b)
Start importing Assets/white.jpg using Guid(9e181c102fd674f46a0cf70dbb181f22) Importer(815301076,1909f56bfc062723c751e8b465ee728b)  -> (artifact id: '25690d2b78facfa18e447dfd591e2db0') in 0.026720 seconds
  Import took 0.032840 seconds .

========================================================================
Received Import Request.
  Time since last request: 3.798148 seconds.
  path: Assets/uranus.jpg
  artifactKey: Guid(e6c423940d93570488d2ed96bd585f25) Importer(815301076,1909f56bfc062723c751e8b465ee728b)
Start importing Assets/uranus.jpg using Guid(e6c423940d93570488d2ed96bd585f25) Importer(815301076,1909f56bfc062723c751e8b465ee728b)  -> (artifact id: 'c4df37fcd746e307876bb906714b8934') in 0.029389 seconds
  Import took 0.035731 seconds .

========================================================================
Received Prepare
Registering precompiled user dll's ...
Registered in 0.006378 seconds.
Begin MonoManager ReloadAssembly
Native extension for WindowsStandalone target not found
Refreshing native plugins compatible for Editor in 0.48 ms, found 0 plugins.
Preloading 0 native plugins for Editor in 0.00 ms.
Invoked RoslynAnalysisRunner static constructor.
RoslynAnalysisRunner will not be running.
RoslynAnalysisRunner has terminated.
Mono: successfully reloaded assembly
- Completed reload, in  1.245 seconds
Platform modules already initialized, skipping
Refreshing native plugins compatible for Editor in 0.68 ms, found 0 plugins.
Preloading 0 native plugins for Editor in 0.00 ms.
Unloading 1521 Unused Serialized files (Serialized files now loaded: 0)
System memory in use before: 71.7 MB.
System memory in use after: 71.8 MB.

Unloading 28 unused Assets to reduce memory usage. Loaded Objects now: 1967.
Total: 3.740200 ms (FindLiveObjects: 0.279100 ms CreateObjectMapping: 0.044700 ms MarkObjects: 3.352500 ms  DeleteObjects: 0.061100 ms)

========================================================================
Received Prepare
Registering precompiled user dll's ...
Registered in 4.874033 seconds.
Begin MonoManager ReloadAssembly
Native extension for WindowsStandalone target not found
Refreshing native plugins compatible for Editor in 3.60 ms, found 0 plugins.
Preloading 0 native plugins for Editor in 0.00 ms.
Invoked RoslynAnalysisRunner static constructor.
RoslynAnalysisRunner will not be running.
RoslynAnalysisRunner has terminated.
Mono: successfully reloaded assembly
- Completed reload, in 62.204 seconds
Platform modules already initialized, skipping
Refreshing native plugins compatible for Editor in 1.10 ms, found 0 plugins.
Preloading 0 native plugins for Editor in 0.00 ms.
Unloading 1521 Unused Serialized files (Serialized files now loaded: 0)
System memory in use before: 72.1 MB.
System memory in use after: 72.2 MB.

Unloading 28 unused Assets to reduce memory usage. Loaded Objects now: 1969.
Total: 7.166700 ms (FindLiveObjects: 0.499100 ms CreateObjectMapping: 0.172900 ms MarkObjects: 6.310700 ms  DeleteObjects: 0.179800 ms)

========================================================================
Received Prepare
Registering precompiled user dll's ...
Registered in 0.002580 seconds.
Begin MonoManager ReloadAssembly
Native extension for WindowsStandalone target not found
Refreshing native plugins compatible for Editor in 0.40 ms, found 0 plugins.
Preloading 0 native plugins for Editor in 0.00 ms.
Invoked RoslynAnalysisRunner static constructor.
RoslynAnalysisRunner will not be running.
RoslynAnalysisRunner has terminated.
Mono: successfully reloaded assembly
- Completed reload, in  0.695 seconds
Platform modules already initialized, skipping
Refreshing native plugins compatible for Editor in 0.44 ms, found 0 plugins.
Preloading 0 native plugins for Editor in 0.00 ms.
Unloading 1521 Unused Serialized files (Serialized files now loaded: 0)
System memory in use before: 71.8 MB.
System memory in use after: 71.9 MB.

Unloading 28 unused Assets to reduce memory usage. Loaded Objects now: 1971.
Total: 2.526600 ms (FindLiveObjects: 0.194700 ms CreateObjectMapping: 0.052500 ms MarkObjects: 2.183000 ms  DeleteObjects: 0.094400 ms)

AssetImportWorkerClient::OnTransportError - code=2 error=End of file
